[ui-themez.smartinnovates.net/items/wavo/index-2-dark.html]
[backblue.gif]
[fade.gif]
[index.html]
[ui-themez.smartinnovates.net/items/wavo/img/favicon.ico]
[ui-themez.smartinnovates.net/items/wavo/css/plugins.css]
[ui-themez.smartinnovates.net/items/wavo/css/style.css]
[ui-themez.smartinnovates.net/items/wavo/img/logo-light.png]
[ui-themez.smartinnovates.net/items/wavo/index-2.html]
[ui-themez.smartinnovates.net/items/wavo/index-full.html]
[ui-themez.smartinnovates.net/items/wavo/index-dark.html]
[ui-themez.smartinnovates.net/items/wavo/index.html]
[ui-themez.smartinnovates.net/items/wavo/about-dark.html]
[ui-themez.smartinnovates.net/items/wavo/portfolio-2column-dark.html]
[ui-themez.smartinnovates.net/items/wavo/portfolio-3column-dark.html]
[ui-themez.smartinnovates.net/items/wavo/portfolio-full-dark.html]
[ui-themez.smartinnovates.net/items/wavo/blog-dark.html]
[ui-themez.smartinnovates.net/items/wavo/contact-dark.html]
[ui-themez.smartinnovates.net/items/wavo/project-details2-dark.html]
[ui-themez.smartinnovates.net/items/wavo/img/01.jpg]
[ui-themez.smartinnovates.net/items/wavo/img/02.jpg]
[ui-themez.smartinnovates.net/items/wavo/img/portfolio/02.jpg]
[ui-themez.smartinnovates.net/items/wavo/img/portfolio/01.jpg]
[ui-themez.smartinnovates.net/items/wavo/img/portfolio/03.jpg]
[ui-themez.smartinnovates.net/items/wavo/img/portfolio/04.jpg]
[ui-themez.smartinnovates.net/items/wavo/img/portfolio/05.jpg]
[ui-themez.smartinnovates.net/items/wavo/img/portfolio/06.jpg]
[ui-themez.smartinnovates.net/items/wavo/img/portfolio/07.jpg]
[ui-themez.smartinnovates.net/items/wavo/img/portfolio/08.jpg]
[ui-themez.smartinnovates.net/items/wavo/img/min-area.jpg]
[ui-themez.smartinnovates.net/items/wavo/img/bg7.jpg]
[ui-themez.smartinnovates.net/items/wavo/img/clients/1.jpg]
[ui-themez.smartinnovates.net/items/wavo/img/clients/2.jpg]
[ui-themez.smartinnovates.net/items/wavo/img/clients/3.jpg]
[ui-themez.smartinnovates.net/items/wavo/img/icons/quote.svg]
[ui-themez.smartinnovates.net/items/wavo/img/pattern.svg]
[ui-themez.smartinnovates.net/items/wavo/img/blog/2.jpg]
[ui-themez.smartinnovates.net/items/wavo/blog-details-dark.html]
[ui-themez.smartinnovates.net/items/wavo/img/blog/1.jpg]
[ui-themez.smartinnovates.net/items/wavo/img/blog/3.jpg]
[ui-themez.smartinnovates.net/items/wavo/img/clients/brands/01.png]
[ui-themez.smartinnovates.net/items/wavo/img/clients/brands/02.png]
[ui-themez.smartinnovates.net/items/wavo/img/clients/brands/03.png]
[ui-themez.smartinnovates.net/items/wavo/img/clients/brands/04.png]
[ui-themez.smartinnovates.net/items/wavo/img/clients/brands/05.png]
[ui-themez.smartinnovates.net/items/wavo/img/clients/brands/06.png]
[ui-themez.smartinnovates.net/items/wavo/img/clients/brands/07.png]
[ui-themez.smartinnovates.net/items/wavo/img/clients/brands/08.png]
[ui-themez.smartinnovates.net/items/wavo/js/jquery-3.0.0.min.js]
[ui-themez.smartinnovates.net/items/wavo/js/jquery-migrate-3.0.0.min.js]
[ui-themez.smartinnovates.net/items/wavo/index-2-dark.html]
[ui-themez.smartinnovates.net/items/wavo/js/scripts.js]
[ui-themez.smartinnovates.net/items/wavo/css/plugins/bootstrap.min.css]
[ui-themez.smartinnovates.net/items/wavo/js/plugins.js]
[ui-themez.smartinnovates.net/items/wavo/css/plugins/animate.css]
[ui-themez.smartinnovates.net/items/wavo/css/plugins/ionicons.min.css]
[ui-themez.smartinnovates.net/items/wavo/css/plugins/fontawesome-all.min.css]
[ui-themez.smartinnovates.net/items/wavo/css/plugins/justifiedGallery.min.css]
[ui-themez.smartinnovates.net/items/wavo/css/plugins/YouTubePopUp.css]
[ui-themez.smartinnovates.net/items/wavo/css/plugins/slick.css]
[ui-themez.smartinnovates.net/items/wavo/css/plugins/slick-theme.css]
[ui-themez.smartinnovates.net/items/wavo/css/plugins/helper.css]
[ui-themez.smartinnovates.net/items/wavo/css/plugins.css]
[ui-themez.smartinnovates.net/items/wavo/css/plugins/swiper.min.css]
[ui-themez.smartinnovates.net/items/wavo/img/giphynoise.png]
[ui-themez.smartinnovates.net/items/wavo/img/giphy.gif]
[ui-themez.smartinnovates.net/items/wavo/css/style.css]
[ui-themez.smartinnovates.net/items/wavo/about.html]
[ui-themez.smartinnovates.net/items/wavo/portfolio-2column.html]
[ui-themez.smartinnovates.net/items/wavo/portfolio-3column.html]
[ui-themez.smartinnovates.net/items/wavo/portfolio-full.html]
[ui-themez.smartinnovates.net/items/wavo/blog.html]
[ui-themez.smartinnovates.net/items/wavo/contact.html]
[ui-themez.smartinnovates.net/items/wavo/project-details2.html]
[ui-themez.smartinnovates.net/items/wavo/blog-details.html]
[ui-themez.smartinnovates.net/items/wavo/img/clients/brands/1.png]
[ui-themez.smartinnovates.net/items/wavo/img/clients/brands/2.png]
[ui-themez.smartinnovates.net/items/wavo/img/clients/brands/3.png]
[ui-themez.smartinnovates.net/items/wavo/img/clients/brands/4.png]
[ui-themez.smartinnovates.net/items/wavo/img/clients/brands/5.png]
[ui-themez.smartinnovates.net/items/wavo/img/clients/brands/6.png]
[ui-themez.smartinnovates.net/items/wavo/img/clients/brands/7.png]
[ui-themez.smartinnovates.net/items/wavo/img/clients/brands/8.png]
[ui-themez.smartinnovates.net/items/wavo/index-2.html]
[ui-themez.smartinnovates.net/items/wavo/index-full.html]
[ui-themez.smartinnovates.net/items/wavo/img/portfolio/2.jpg]
[ui-themez.smartinnovates.net/items/wavo/img/portfolio/1.jpg]
[ui-themez.smartinnovates.net/items/wavo/img/portfolio/3.jpg]
[ui-themez.smartinnovates.net/items/wavo/img/portfolio/4.jpg]
[ui-themez.smartinnovates.net/items/wavo/img/portfolio/5.jpg]
[ui-themez.smartinnovates.net/items/wavo/img/portfolio/6.jpg]
[ui-themez.smartinnovates.net/items/wavo/img/portfolio/7.jpg]
[ui-themez.smartinnovates.net/items/wavo/img/portfolio/8.jpg]
[ui-themez.smartinnovates.net/items/wavo/img/1.jpg]
[ui-themez.smartinnovates.net/items/wavo/img/2.jpg]
[ui-themez.smartinnovates.net/items/wavo/index-dark.html]
[ui-themez.smartinnovates.net/items/wavo/index.html]
[ui-themez.smartinnovates.net/items/wavo/img/team/1.jpg]
[ui-themez.smartinnovates.net/items/wavo/img/team/2.jpg]
[ui-themez.smartinnovates.net/items/wavo/img/team/3.jpg]
[ui-themez.smartinnovates.net/items/wavo/img/team/4.jpg]
[ui-themez.smartinnovates.net/items/wavo/img/team/5.jpg]
[ui-themez.smartinnovates.net/items/wavo/img/team/6.jpg]
[ui-themez.smartinnovates.net/items/wavo/about-dark.html]
[ui-themez.smartinnovates.net/items/wavo/img/portfolio/mas/02.jpg]
[ui-themez.smartinnovates.net/items/wavo/img/portfolio/mas/03.jpg]
[ui-themez.smartinnovates.net/items/wavo/img/portfolio/mas/04.jpg]
[ui-themez.smartinnovates.net/items/wavo/img/portfolio/mas/05.jpg]
[ui-themez.smartinnovates.net/items/wavo/img/portfolio/mas/06.jpg]
[ui-themez.smartinnovates.net/items/wavo/img/portfolio/mas/07.jpg]
[ui-themez.smartinnovates.net/items/wavo/img/portfolio/mas/08.jpg]
[ui-themez.smartinnovates.net/items/wavo/img/portfolio/mas/09.jpg]
[ui-themez.smartinnovates.net/items/wavo/portfolio-2column-dark.html]
[ui-themez.smartinnovates.net/items/wavo/portfolio-3column-dark.html]
[ui-themez.smartinnovates.net/items/wavo/portfolio-full-dark.html]
[ui-themez.smartinnovates.net/items/wavo/img/blog/b1.jpg]
[ui-themez.smartinnovates.net/items/wavo/img/blog/b2.jpg]
[ui-themez.smartinnovates.net/items/wavo/img/blog/b3.jpg]
[ui-themez.smartinnovates.net/items/wavo/img/blog/b4.jpg]
[ui-themez.smartinnovates.net/items/wavo/blog-dark.html]
[ui-themez.smartinnovates.net/items/wavo/contact-dark.html]
[ui-themez.smartinnovates.net/items/wavo/js/map.js]
[ui-themez.smartinnovates.net/items/wavo/img/portfolio/project2/bg.jpg]
[ui-themez.smartinnovates.net/items/wavo/img/portfolio/project2/1.jpg]
[ui-themez.smartinnovates.net/items/wavo/img/portfolio/project2/2.jpg]
[ui-themez.smartinnovates.net/items/wavo/img/portfolio/project2/3.jpg]
[ui-themez.smartinnovates.net/items/wavo/img/portfolio/project2/4.jpg]
[ui-themez.smartinnovates.net/items/wavo/img/portfolio/project2/5.jpg]
[ui-themez.smartinnovates.net/items/wavo/img/portfolio/project2/6.jpg]
[ui-themez.smartinnovates.net/items/wavo/img/portfolio/project2/7.jpg]
[ui-themez.smartinnovates.net/items/wavo/project-details-dark.html]
[ui-themez.smartinnovates.net/items/wavo/img/portfolio/project1/bg.jpg]
[ui-themez.smartinnovates.net/items/wavo/project-details2-dark.html]
[ui-themez.smartinnovates.net/items/wavo/img/icons/quote.svg]
[ui-themez.smartinnovates.net/items/wavo/img/pattern.svg]
[ui-themez.smartinnovates.net/items/wavo/img/blog/single.jpg]
[ui-themez.smartinnovates.net/items/wavo/img/blog/01.jpg]
[ui-themez.smartinnovates.net/items/wavo/blog-details-dark.html]
[ui-themez.smartinnovates.net/items/wavo/css/plugins/bootstrap.min.css]
[ui-themez.smartinnovates.net/items/wavo/css/plugins/animate.css]
[ui-themez.smartinnovates.net/items/wavo/fonts/ionicons28b5.ttf]
[ui-themez.smartinnovates.net/items/wavo/fonts/ionicons28b5.eot]
[ui-themez.smartinnovates.net/items/wavo/fonts/ionicons28b5.woff]
[ui-themez.smartinnovates.net/items/wavo/fonts/ionicons28b5.svg]
[ui-themez.smartinnovates.net/items/wavo/css/plugins/ionicons.min.css]
[ui-themez.smartinnovates.net/items/wavo/fonts/fa-brands-400.eot]
[ui-themez.smartinnovates.net/items/wavo/fonts/fa-brands-400.woff2]
[ui-themez.smartinnovates.net/items/wavo/fonts/fa-brands-400d41d.eot]
[ui-themez.smartinnovates.net/items/wavo/fonts/fa-brands-400.woff]
[ui-themez.smartinnovates.net/items/wavo/fonts/fa-brands-400.ttf]
[ui-themez.smartinnovates.net/items/wavo/fonts/fa-brands-400.svg]
[ui-themez.smartinnovates.net/items/wavo/fonts/fa-regular-400.eot]
[ui-themez.smartinnovates.net/items/wavo/fonts/fa-regular-400d41d.eot]
[ui-themez.smartinnovates.net/items/wavo/fonts/fa-regular-400.woff2]
[ui-themez.smartinnovates.net/items/wavo/fonts/fa-regular-400.woff]
[ui-themez.smartinnovates.net/items/wavo/fonts/fa-regular-400.ttf]
[ui-themez.smartinnovates.net/items/wavo/fonts/fa-regular-400.svg]
[ui-themez.smartinnovates.net/items/wavo/fonts/fa-solid-900.eot]
[ui-themez.smartinnovates.net/items/wavo/fonts/fa-solid-900.woff2]
[ui-themez.smartinnovates.net/items/wavo/fonts/fa-solid-900d41d.eot]
[ui-themez.smartinnovates.net/items/wavo/fonts/fa-solid-900.woff]
[ui-themez.smartinnovates.net/items/wavo/fonts/fa-solid-900.ttf]
[ui-themez.smartinnovates.net/items/wavo/fonts/fa-solid-900.svg]
[ui-themez.smartinnovates.net/items/wavo/css/plugins/fontawesome-all.min.css]
[ui-themez.smartinnovates.net/items/wavo/css/plugins/justifiedGallery.min.css]
[ui-themez.smartinnovates.net/items/wavo/css/images/close.png]
[ui-themez.smartinnovates.net/items/wavo/css/plugins/YouTubePopUp.css]
[ui-themez.smartinnovates.net/items/wavo/css/plugins/slick.css]
[ui-themez.smartinnovates.net/items/wavo/css/plugins/slick-theme.css]
[ui-themez.smartinnovates.net/items/wavo/css/plugins/helper.css]
[ui-themez.smartinnovates.net/items/wavo/css/plugins/swiper.min.css]
[ui-themez.smartinnovates.net/items/wavo/about.html]
[ui-themez.smartinnovates.net/items/wavo/portfolio-2column.html]
[ui-themez.smartinnovates.net/items/wavo/portfolio-3column.html]
[ui-themez.smartinnovates.net/items/wavo/project-details.html]
[ui-themez.smartinnovates.net/items/wavo/img/logo-dark.png]
[ui-themez.smartinnovates.net/items/wavo/portfolio-full.html]
[ui-themez.smartinnovates.net/items/wavo/blog.html]
[ui-themez.smartinnovates.net/items/wavo/contact.html]
[ui-themez.smartinnovates.net/items/wavo/project-details2.html]
[ui-themez.smartinnovates.net/items/wavo/blog-details.html]
[ui-themez.smartinnovates.net/items/wavo/img/portfolio/project1/1.jpg]
[ui-themez.smartinnovates.net/items/wavo/img/portfolio/mas/01.jpg]
[ui-themez.smartinnovates.net/items/wavo/img/portfolio/project1/3.jpg]
[ui-themez.smartinnovates.net/items/wavo/img/portfolio/project1/8.jpg]
[ui-themez.smartinnovates.net/items/wavo/img/portfolio/project1/9.jpg]
[ui-themez.smartinnovates.net/items/wavo/project-details-dark.html]
[ui-themez.smartinnovates.net/items/wavo/fonts/ionicons28b5.html]
[ui-themez.smartinnovates.net/items/wavo/fonts/fa-brands-400.html]
[ui-themez.smartinnovates.net/items/wavo/fonts/fa-regular-400.html]
[ui-themez.smartinnovates.net/items/wavo/fonts/fa-solid-900.html]
[ui-themez.smartinnovates.net/items/wavo/css/images/close.html]
[ui-themez.smartinnovates.net/items/wavo/project-details.html]
[ui-themez.smartinnovates.net/items/wavo/img/portfolio/project1/2.jpg]
[ui-themez.smartinnovates.net/items/wavo/img/portfolio/project1/6.jpg]
